// Jest Snapshot v1, https://goo.gl/fbAQLP

exports[`Dumb Filter check Filter shapshot 1`] = `
<styled.ul>
  <styled.li
    active={false}
    name="all"
    onClick={[Function]}
  >
    All
  </styled.li>
  <styled.li
    active={false}
    name="popular"
    onClick={[Function]}
  >
    Popular
  </styled.li>
  <styled.li
    active={false}
    name="price_high"
    onClick={[Function]}
  >
    Price (Expensive)
  </styled.li>
  <styled.li
    active={false}
    name="price_low"
    onClick={[Function]}
  >
    Price (Cheap)
  </styled.li>
  <styled.li
    active={false}
    name="author"
    onClick={[Function]}
  >
    Author
  </styled.li>
  <styled.input
    name="search"
    onChange={[Function]}
    placeholder="Search..."
  />
</styled.ul>
`;
