// Jest Snapshot v1, https://goo.gl/fbAQLP

exports[`Dumb Filter check Filter shapshot 1`] = `
<styled.ul>
  <styled.li
    data-active={false}
    onClick={[Function]}
  >
    All
  </styled.li>
  <styled.li
    data-active={false}
    onClick={[Function]}
  >
    Popular
  </styled.li>
  <styled.li
    data-active={false}
    onClick={[Function]}
  >
    Price (Expensive)
  </styled.li>
  <styled.li
    data-active={false}
    onClick={[Function]}
  >
    Price (Cheap)
  </styled.li>
  <styled.li
    data-active={false}
    onClick={[Function]}
  >
    Author
  </styled.li>
  <styled.input
    name="search"
    onChange={[Function]}
    placeholder="Search..."
  />
</styled.ul>
`;
