// Jest Snapshot v1, https://goo.gl/fbAQLP

exports[`Dumb BookPage check BookPage snapshot 1`] = `
<styled.div>
  <styled.header
    src="default.png"
  />
  <styled.header>
    Title book
  </styled.header>
  <styled.header>
    Author book
  </styled.header>
  <styled.header>
    100
  </styled.header>
  <styled.header>
    5
  </styled.header>
</styled.div>
`;
