// Jest Snapshot v1, https://goo.gl/fbAQLP

exports[`Dumb BookPage check BookPage snapshot 1`] = `
<styled.div>
  <styled.img
    src="default.png"
  />
  <styled.h1>
    Title book
  </styled.h1>
  <styled.h2>
    Author book
  </styled.h2>
  <styled.div>
    100
    <svg />
  </styled.div>
  <styled.div>
    5
  </styled.div>
</styled.div>
`;
