// Jest Snapshot v1, https://goo.gl/fbAQLP

exports[`Dumb Menu check Menu snapshot 1`] = `
<styled.nav>
  <ul>
    <NavLink
      activeClassName="active"
      aria-current="page"
      to="/"
    >
      <li>
        Home
      </li>
    </NavLink>
    <NavLink
      activeClassName="active"
      aria-current="page"
      to="/books"
    >
      <li>
        Books
      </li>
    </NavLink>
  </ul>
  <ul>
    <li>
      <Connect(Component) />
    </li>
    <li>
      <React.Memo />
    </li>
  </ul>
</styled.nav>
`;
