// Jest Snapshot v1, https://goo.gl/fbAQLP

exports[`Dumb App check App shapshot 1`] = `
<styled.div>
  <Connect(Component) />
  <styled.main>
    <Switch>
      <Route
        component={[Function]}
        exact={true}
        path="/books"
      />
      <Route
        component={[Function]}
        path="/books/:id"
      />
      <Route
        component={[Function]}
        path="*"
      />
    </Switch>
  </styled.main>
  <React.Memo />
</styled.div>
`;
